---
source: sqsh-rs/tests/all/path_resolver.rs
expression: resolver
---
PathResolver {
    current_name: None,
    current_file_type: Some(
        Directory,
    ),
    current_dir_inode: Inode(
        28,
    ),
    current_dir_inode_ref: InodeRef(
        0x0000_00000000_0355,
    ),
    current_file: Ok(
        File {
            file_type: Some(
                Directory,
            ),
            permissions: Permissions(
                UserRead | UserWrite | UserExec,
            ),
            inode_ref: InodeRef(
                0x0000_00000000_0355,
            ),
            is_extended: false,
            hard_link_count: 7,
            size: 229,
            inode: Inode(
                27,
            ),
            parent_inode: Inode(
                28,
            ),
            modified_time: 1000,
            symlink_path: None,
            device_id: 4294967295,
            uid: 22,
            gid: 33,
            xattr_id: 4294967295,
        },
    ),
    ..
}
